// Jest Snapshot v1, https://goo.gl/fbAQLP

exports[`Pruebas en LoginScreen should match the snapshot 1`] = `
<div
  className="container mt-5"
>
  <h5>
    Login Screen
  </h5>
     
  <hr />
  <button
    className="btn btn-primary"
    onClick={[Function]}
  >
    Login
  </button>
</div>
`;
